-------------------------------------------------------------------------------
      name:  <unnamed>
       log:  /workspace/output/warfarin_log/sens_analysis_4/SA4_02b_cr_create_p
> opulation_covidtest.log
  log type:  text
 opened on:   1 Mar 2021, 22:03:30

. 
. /* Use the dataset we derived from the 02b program===========================
> ==*/ 
. 
. use $tempdir_main_analysis/analysis_dataset_`outcome', clear

. 
. noi di "people who ever had warfarin prescription 4 months before cohort entr
> y in the DOAC group"
people who ever had warfarin prescription 4 months before cohort entry in the D
> OAC group

. 
. drop if exposure == 0 & warfarin_last_four_months != .
(3,480 observations deleted)

. 
. /* SAVE DATA=================================================================
> =*/        
. 
. save $tempdir/analysis_dataset_`outcome', replace
(note: file /workspace/output/warfarin_tempdata/sens_analysis_4/analysis_datase
> t_covidtest.dta not found)
file /workspace/output/warfarin_tempdata/sens_analysis_4/analysis_dataset_covid
> test.dta saved

. 
. * Save a version set on outcomes
. stset stime_`outcome', fail(`outcome') id(patient_id) enter(enter_date) origi
> n(enter_date)      

                id:  patient_id
     failure event:  covidtest != 0 & covidtest < .
obs. time interval:  (stime_covidtest[_n-1], stime_covidtest]
 enter on or after:  time enter_date
 exit on or before:  failure
    t for analysis:  (time-origin)
            origin:  time enter_date

------------------------------------------------------------------------------
    369,266  total observations
      [redacted]  observations end on or before enter()
------------------------------------------------------------------------------
    369,261  observations remaining, representing
    369,261  subjects
     72,639  failures in single-failure-per-subject data
 70202057.5  total analysis time at risk and under observation
                                                at risk from t =         0
                                     earliest observed entry t =         0
                                          last observed exit t =       211

. save $tempdir/analysis_dataset_STSET_`outcome', replace
(note: file /workspace/output/warfarin_tempdata/sens_analysis_4/analysis_datase
> t_STSET_covidtest.dta not found)
file /workspace/output/warfarin_tempdata/sens_analysis_4/analysis_dataset_STSET
> _covidtest.dta saved

. 
. * Close log file 
. log close
      name:  <unnamed>
       log:  /workspace/output/warfarin_log/sens_analysis_4/SA4_02b_cr_create_p
> opulation_covidtest.log
  log type:  text
 closed on:   1 Mar 2021, 22:03:40
-------------------------------------------------------------------------------
